interval_start_timestamp,interval_end_timestamp,service_id,total_bytes
1488355200000,1488355500000,1,16100
1488355200000,1488355500000,3,11500
1488355200000,1488355500000,2,9260
