interval_start_timestamp,interval_end_timestamp,cell_id,number_of_unique_users
1488355200000,1488355500000,1001,4
1488355200000,1488355500000,5005,3
1488355200000,1488355500000,1000,3
